Archive member included to satisfy reference by file (symbol)

c:/ac6/systemworkbench/plugins/fr.ac6.mcu.externaltools.arm-none.win32_1.13.2.201705091103/tools/compiler/bin/../lib/gcc/arm-none-eabi/5.4.1/../../../../arm-none-eabi/lib/armv7e-m/fpu\libc_nano.a(lib_a-exit.o)
                              c:/ac6/systemworkbench/plugins/fr.ac6.mcu.externaltools.arm-none.win32_1.13.2.201705091103/tools/compiler/bin/../lib/gcc/arm-none-eabi/5.4.1/../../../../arm-none-eabi/lib/armv7e-m/fpu/crt0.o (exit)
c:/ac6/systemworkbench/plugins/fr.ac6.mcu.externaltools.arm-none.win32_1.13.2.201705091103/tools/compiler/bin/../lib/gcc/arm-none-eabi/5.4.1/../../../../arm-none-eabi/lib/armv7e-m/fpu\libc_nano.a(lib_a-impure.o)
                              c:/ac6/systemworkbench/plugins/fr.ac6.mcu.externaltools.arm-none.win32_1.13.2.201705091103/tools/compiler/bin/../lib/gcc/arm-none-eabi/5.4.1/../../../../arm-none-eabi/lib/armv7e-m/fpu\libc_nano.a(lib_a-exit.o) (_global_impure_ptr)
c:/ac6/systemworkbench/plugins/fr.ac6.mcu.externaltools.arm-none.win32_1.13.2.201705091103/tools/compiler/bin/../lib/gcc/arm-none-eabi/5.4.1/../../../../arm-none-eabi/lib/armv7e-m/fpu\libc_nano.a(lib_a-init.o)
                              c:/ac6/systemworkbench/plugins/fr.ac6.mcu.externaltools.arm-none.win32_1.13.2.201705091103/tools/compiler/bin/../lib/gcc/arm-none-eabi/5.4.1/../../../../arm-none-eabi/lib/armv7e-m/fpu/crt0.o (__libc_init_array)
c:/ac6/systemworkbench/plugins/fr.ac6.mcu.externaltools.arm-none.win32_1.13.2.201705091103/tools/compiler/bin/../lib/gcc/arm-none-eabi/5.4.1/../../../../arm-none-eabi/lib/armv7e-m/fpu\libc_nano.a(lib_a-memset.o)
                              c:/ac6/systemworkbench/plugins/fr.ac6.mcu.externaltools.arm-none.win32_1.13.2.201705091103/tools/compiler/bin/../lib/gcc/arm-none-eabi/5.4.1/../../../../arm-none-eabi/lib/armv7e-m/fpu/crt0.o (memset)
c:/ac6/systemworkbench/plugins/fr.ac6.mcu.externaltools.arm-none.win32_1.13.2.201705091103/tools/compiler/bin/../lib/gcc/arm-none-eabi/5.4.1/../../../../arm-none-eabi/lib/armv7e-m/fpu\libnosys.a(_exit.o)
                              c:/ac6/systemworkbench/plugins/fr.ac6.mcu.externaltools.arm-none.win32_1.13.2.201705091103/tools/compiler/bin/../lib/gcc/arm-none-eabi/5.4.1/../../../../arm-none-eabi/lib/armv7e-m/fpu\libc_nano.a(lib_a-exit.o) (_exit)

Allocating common symbols
Common symbol       size              file

uwTick              0x4               Drivers/STM32F4xx_HAL_Driver/stm32f4xx_hal.o
pFlash              0x20              Drivers/STM32F4xx_HAL_Driver/stm32f4xx_hal_flash.o

Discarded input sections

 .text          0x00000000        0x0 c:/ac6/systemworkbench/plugins/fr.ac6.mcu.externaltools.arm-none.win32_1.13.2.201705091103/tools/compiler/bin/../lib/gcc/arm-none-eabi/5.4.1/armv7e-m/fpu/crti.o
 .data          0x00000000        0x0 c:/ac6/systemworkbench/plugins/fr.ac6.mcu.externaltools.arm-none.win32_1.13.2.201705091103/tools/compiler/bin/../lib/gcc/arm-none-eabi/5.4.1/armv7e-m/fpu/crti.o
 .bss           0x00000000        0x0 c:/ac6/systemworkbench/plugins/fr.ac6.mcu.externaltools.arm-none.win32_1.13.2.201705091103/tools/compiler/bin/../lib/gcc/arm-none-eabi/5.4.1/armv7e-m/fpu/crti.o
 .data          0x00000000        0x4 c:/ac6/systemworkbench/plugins/fr.ac6.mcu.externaltools.arm-none.win32_1.13.2.201705091103/tools/compiler/bin/../lib/gcc/arm-none-eabi/5.4.1/armv7e-m/fpu/crtbegin.o
 .text          0x00000000       0x74 c:/ac6/systemworkbench/plugins/fr.ac6.mcu.externaltools.arm-none.win32_1.13.2.201705091103/tools/compiler/bin/../lib/gcc/arm-none-eabi/5.4.1/../../../../arm-none-eabi/lib/armv7e-m/fpu/crt0.o
 .data          0x00000000        0x0 c:/ac6/systemworkbench/plugins/fr.ac6.mcu.externaltools.arm-none.win32_1.13.2.201705091103/tools/compiler/bin/../lib/gcc/arm-none-eabi/5.4.1/../../../../arm-none-eabi/lib/armv7e-m/fpu/crt0.o
 .bss           0x00000000        0x0 c:/ac6/systemworkbench/plugins/fr.ac6.mcu.externaltools.arm-none.win32_1.13.2.201705091103/tools/compiler/bin/../lib/gcc/arm-none-eabi/5.4.1/../../../../arm-none-eabi/lib/armv7e-m/fpu/crt0.o
 .ARM.extab     0x00000000        0x0 c:/ac6/systemworkbench/plugins/fr.ac6.mcu.externaltools.arm-none.win32_1.13.2.201705091103/tools/compiler/bin/../lib/gcc/arm-none-eabi/5.4.1/../../../../arm-none-eabi/lib/armv7e-m/fpu/crt0.o
 .ARM.exidx     0x00000000        0x8 c:/ac6/systemworkbench/plugins/fr.ac6.mcu.externaltools.arm-none.win32_1.13.2.201705091103/tools/compiler/bin/../lib/gcc/arm-none-eabi/5.4.1/../../../../arm-none-eabi/lib/armv7e-m/fpu/crt0.o
 .ARM.attributes
                0x00000000       0x20 c:/ac6/systemworkbench/plugins/fr.ac6.mcu.externaltools.arm-none.win32_1.13.2.201705091103/tools/compiler/bin/../lib/gcc/arm-none-eabi/5.4.1/../../../../arm-none-eabi/lib/armv7e-m/fpu/crt0.o
 .text          0x00000000       0x14 Application/SW4STM32/startup_stm32f401xc.o
 .data          0x00000000        0x0 Application/SW4STM32/startup_stm32f401xc.o
[...]
Memory Configuration

Name             Origin             Length             Attributes
RAM              0x20000000         0x00010000         xrw
FLASH            0x08000000         0x00020000         xr
*default*        0x00000000         0xffffffff

Linker script and memory map

LOAD c:/ac6/systemworkbench/plugins/fr.ac6.mcu.externaltools.arm-none.win32_1.13.2.201705091103/tools/compiler/bin/../lib/gcc/arm-none-eabi/5.4.1/armv7e-m/fpu/crti.o
LOAD c:/ac6/systemworkbench/plugins/fr.ac6.mcu.externaltools.arm-none.win32_1.13.2.201705091103/tools/compiler/bin/../lib/gcc/arm-none-eabi/5.4.1/armv7e-m/fpu/crtbegin.o
LOAD c:/ac6/systemworkbench/plugins/fr.ac6.mcu.externaltools.arm-none.win32_1.13.2.201705091103/tools/compiler/bin/../lib/gcc/arm-none-eabi/5.4.1/../../../../arm-none-eabi/lib/armv7e-m/fpu/crt0.o
LOAD Application/SW4STM32/startup_stm32f401xc.o
LOAD Application/User/main.o
LOAD Application/User/stm32f4xx_hal_msp.o
LOAD Application/User/stm32f4xx_it.o
LOAD Drivers/CMSIS/system_stm32f4xx.o
LOAD Drivers/STM32F4xx_HAL_Driver/stm32f4xx_hal.o
LOAD Drivers/STM32F4xx_HAL_Driver/stm32f4xx_hal_cortex.o
LOAD Drivers/STM32F4xx_HAL_Driver/stm32f4xx_hal_dma.o
LOAD Drivers/STM32F4xx_HAL_Driver/stm32f4xx_hal_dma_ex.o
LOAD Drivers/STM32F4xx_HAL_Driver/stm32f4xx_hal_flash.o
LOAD Drivers/STM32F4xx_HAL_Driver/stm32f4xx_hal_flash_ex.o
LOAD Drivers/STM32F4xx_HAL_Driver/stm32f4xx_hal_flash_ramfunc.o
LOAD Drivers/STM32F4xx_HAL_Driver/stm32f4xx_hal_gpio.o
LOAD Drivers/STM32F4xx_HAL_Driver/stm32f4xx_hal_pwr.o
LOAD Drivers/STM32F4xx_HAL_Driver/stm32f4xx_hal_pwr_ex.o
LOAD Drivers/STM32F4xx_HAL_Driver/stm32f4xx_hal_rcc.o
LOAD Drivers/STM32F4xx_HAL_Driver/stm32f4xx_hal_rcc_ex.o
LOAD c:/ac6/systemworkbench/plugins/fr.ac6.mcu.externaltools.arm-none.win32_1.13.2.201705091103/tools/compiler/bin/../lib/gcc/arm-none-eabi/5.4.1/../../../../arm-none-eabi/lib/armv7e-m/fpu\libm.a
START GROUP
LOAD c:/ac6/systemworkbench/plugins/fr.ac6.mcu.externaltools.arm-none.win32_1.13.2.201705091103/tools/compiler/bin/../lib/gcc/arm-none-eabi/5.4.1/armv7e-m/fpu\libgcc.a
LOAD c:/ac6/systemworkbench/plugins/fr.ac6.mcu.externaltools.arm-none.win32_1.13.2.201705091103/tools/compiler/bin/../lib/gcc/arm-none-eabi/5.4.1/../../../../arm-none-eabi/lib/armv7e-m/fpu\libc_nano.a
END GROUP
START GROUP
LOAD c:/ac6/systemworkbench/plugins/fr.ac6.mcu.externaltools.arm-none.win32_1.13.2.201705091103/tools/compiler/bin/../lib/gcc/arm-none-eabi/5.4.1/armv7e-m/fpu\libgcc.a
LOAD c:/ac6/systemworkbench/plugins/fr.ac6.mcu.externaltools.arm-none.win32_1.13.2.201705091103/tools/compiler/bin/../lib/gcc/arm-none-eabi/5.4.1/../../../../arm-none-eabi/lib/armv7e-m/fpu\libc_nano.a
LOAD c:/ac6/systemworkbench/plugins/fr.ac6.mcu.externaltools.arm-none.win32_1.13.2.201705091103/tools/compiler/bin/../lib/gcc/arm-none-eabi/5.4.1/../../../../arm-none-eabi/lib/armv7e-m/fpu\libnosys.a
END GROUP
START GROUP
LOAD c:/ac6/systemworkbench/plugins/fr.ac6.mcu.externaltools.arm-none.win32_1.13.2.201705091103/tools/compiler/bin/../lib/gcc/arm-none-eabi/5.4.1/armv7e-m/fpu\libgcc.a
LOAD c:/ac6/systemworkbench/plugins/fr.ac6.mcu.externaltools.arm-none.win32_1.13.2.201705091103/tools/compiler/bin/../lib/gcc/arm-none-eabi/5.4.1/../../../../arm-none-eabi/lib/armv7e-m/fpu\libc_nano.a
LOAD c:/ac6/systemworkbench/plugins/fr.ac6.mcu.externaltools.arm-none.win32_1.13.2.201705091103/tools/compiler/bin/../lib/gcc/arm-none-eabi/5.4.1/../../../../arm-none-eabi/lib/armv7e-m/fpu\libnosys.a
END GROUP
LOAD c:/ac6/systemworkbench/plugins/fr.ac6.mcu.externaltools.arm-none.win32_1.13.2.201705091103/tools/compiler/bin/../lib/gcc/arm-none-eabi/5.4.1/armv7e-m/fpu/crtend.o
LOAD c:/ac6/systemworkbench/plugins/fr.ac6.mcu.externaltools.arm-none.win32_1.13.2.201705091103/tools/compiler/bin/../lib/gcc/arm-none-eabi/5.4.1/armv7e-m/fpu/crtn.o
                0x20010000                _estack = 0x20010000
                0x00000200                _Min_Heap_Size = 0x200
                0x00000400                _Min_Stack_Size = 0x400

.isr_vector     0x08000000      0x194
                0x08000000                . = ALIGN (0x4)
 *(.isr_vector)
 .isr_vector    0x08000000      0x194 Application/SW4STM32/startup_stm32f401xc.o
                0x08000000                g_pfnVectors
                0x08000194                . = ALIGN (0x4)

.text           0x08000194      0xc34
                0x08000194                . = ALIGN (0x4)
 *(.text)
 .text          0x08000194       0x5c c:/ac6/systemworkbench/plugins/fr.ac6.mcu.externaltools.arm-none.win32_1.13.2.201705091103/tools/compiler/bin/../lib/gcc/arm-none-eabi/5.4.1/armv7e-m/fpu/crtbegin.o
 *(.text*)
 .text.Reset_Handler
                0x080001f0       0x50 Application/SW4STM32/startup_stm32f401xc.o
                0x080001f0                Reset_Handler
 .text.Default_Handler
                0x08000240        0x2 Application/SW4STM32/startup_stm32f401xc.o
                0x08000240                RTC_Alarm_IRQHandler
                0x08000240                EXTI2_IRQHandler
                0x08000240                SPI4_IRQHandler
                0x08000240                TIM1_CC_IRQHandler
                0x08000240                DMA2_Stream5_IRQHandler
                0x08000240                DMA1_Stream5_IRQHandler
                0x08000240                PVD_IRQHandler
                0x08000240                SDIO_IRQHandler
                0x08000240                TAMP_STAMP_IRQHandler
                0x08000240                EXTI3_IRQHandler
                0x08000240                TIM1_UP_TIM10_IRQHandler
                0x08000240                I2C3_ER_IRQHandler
                0x08000240                EXTI0_IRQHandler
                0x08000240                I2C2_EV_IRQHandler
                0x08000240                DMA1_Stream2_IRQHandler
                0x08000240                FPU_IRQHandler
                0x08000240                DMA2_Stream2_IRQHandler
                0x08000240                SPI1_IRQHandler
                0x08000240                TIM1_BRK_TIM9_IRQHandler
                0x08000240                DMA2_Stream3_IRQHandler
                0x08000240                USART6_IRQHandler
                0x08000240                DMA2_Stream0_IRQHandler
                0x08000240                TIM4_IRQHandler
                0x08000240                I2C1_EV_IRQHandler
                0x08000240                DMA1_Stream6_IRQHandler
                0x08000240                DMA1_Stream1_IRQHandler
                0x08000240                TIM3_IRQHandler
                0x08000240                RCC_IRQHandler
                0x08000240                Default_Handler
                0x08000240                EXTI15_10_IRQHandler
                0x08000240                ADC_IRQHandler
                0x08000240                DMA1_Stream7_IRQHandler
                0x08000240                TIM5_IRQHandler
                0x08000240                DMA2_Stream7_IRQHandler
                0x08000240                I2C3_EV_IRQHandler
                0x08000240                EXTI9_5_IRQHandler
                0x08000240                RTC_WKUP_IRQHandler
                0x08000240                SPI2_IRQHandler
                0x08000240                DMA1_Stream0_IRQHandler
                0x08000240                EXTI4_IRQHandler
                0x08000240                WWDG_IRQHandler
                0x08000240                TIM2_IRQHandler
                0x08000240                OTG_FS_WKUP_IRQHandler
                0x08000240                TIM1_TRG_COM_TIM11_IRQHandler
                0x08000240                EXTI1_IRQHandler
                0x08000240                USART2_IRQHandler
                0x08000240                I2C2_ER_IRQHandler
                0x08000240                DMA2_Stream1_IRQHandler
                0x08000240                FLASH_IRQHandler
                0x08000240                DMA2_Stream4_IRQHandler
                0x08000240                USART1_IRQHandler
                0x08000240                OTG_FS_IRQHandler
                0x08000240                SPI3_IRQHandler
                0x08000240                DMA1_Stream4_IRQHandler
                0x08000240                I2C1_ER_IRQHandler
                0x08000240                DMA2_Stream6_IRQHandler
                0x08000240                DMA1_Stream3_IRQHandler
 *fill*         0x08000242        0x2 
 .text.MX_GPIO_Init
                0x08000244       0x4c Application/User/main.o
 .text._Error_Handler
                0x08000290        0x4 Application/User/main.o
                0x08000290                _Error_Handler
 .text.SystemClock_Config
                0x08000294       0xac Application/User/main.o
                0x08000294                SystemClock_Config
 .text.main     0x08000340       0x20 Application/User/main.o
                0x08000340                main
 .text.HAL_MspInit
                0x08000360       0x60 Application/User/stm32f4xx_hal_msp.o
                0x08000360                HAL_MspInit
 .text.NMI_Handler
                0x080003c0        0x4 Application/User/stm32f4xx_it.o
                0x080003c0                NMI_Handler
 .text.HardFault_Handler
                0x080003c4        0x4 Application/User/stm32f4xx_it.o
                0x080003c4                HardFault_Handler
 .text.MemManage_Handler
                0x080003c8        0x4 Application/User/stm32f4xx_it.o
                0x080003c8                MemManage_Handler
 .text.BusFault_Handler
                0x080003cc        0x4 Application/User/stm32f4xx_it.o
                0x080003cc                BusFault_Handler
 .text.UsageFault_Handler
                0x080003d0        0x4 Application/User/stm32f4xx_it.o
                0x080003d0                UsageFault_Handler
 .text.SVC_Handler
                0x080003d4        0x4 Application/User/stm32f4xx_it.o
                0x080003d4                SVC_Handler
 .text.DebugMon_Handler
                0x080003d8        0x4 Application/User/stm32f4xx_it.o
                0x080003d8                DebugMon_Handler
 .text.PendSV_Handler
                0x080003dc        0x4 Application/User/stm32f4xx_it.o
                0x080003dc                PendSV_Handler
 .text.SysTick_Handler
                0x080003e0        0xc Application/User/stm32f4xx_it.o
                0x080003e0                SysTick_Handler
 .text.SystemInit
                0x080003ec       0x4c Drivers/CMSIS/system_stm32f4xx.o
                0x080003ec                SystemInit
 .text.HAL_InitTick
                0x08000438       0x2c Drivers/STM32F4xx_HAL_Driver/stm32f4xx_hal.o
                0x08000438                HAL_InitTick
 .text.HAL_Init
                0x08000464       0x34 Drivers/STM32F4xx_HAL_Driver/stm32f4xx_hal.o
                0x08000464                HAL_Init
 .text.HAL_IncTick
                0x08000498       0x10 Drivers/STM32F4xx_HAL_Driver/stm32f4xx_hal.o
                0x08000498                HAL_IncTick
 .text.HAL_GetTick
                0x080004a8        0xc Drivers/STM32F4xx_HAL_Driver/stm32f4xx_hal.o
                0x080004a8                HAL_GetTick
 .text.HAL_NVIC_SetPriorityGrouping
                0x080004b4       0x24 Drivers/STM32F4xx_HAL_Driver/stm32f4xx_hal_cortex.o
                0x080004b4                HAL_NVIC_SetPriorityGrouping
 .text.HAL_NVIC_SetPriority
                0x080004d8       0x64 Drivers/STM32F4xx_HAL_Driver/stm32f4xx_hal_cortex.o
                0x080004d8                HAL_NVIC_SetPriority
 .text.HAL_SYSTICK_Config
                0x0800053c       0x2c Drivers/STM32F4xx_HAL_Driver/stm32f4xx_hal_cortex.o
                0x0800053c                HAL_SYSTICK_Config
 .text.HAL_SYSTICK_CLKSourceConfig
                0x08000568       0x20 Drivers/STM32F4xx_HAL_Driver/stm32f4xx_hal_cortex.o
                0x08000568                HAL_SYSTICK_CLKSourceConfig
 .text.HAL_SYSTICK_Callback
                0x08000588        0x4 Drivers/STM32F4xx_HAL_Driver/stm32f4xx_hal_cortex.o
                0x08000588                HAL_SYSTICK_Callback
 .text.HAL_SYSTICK_IRQHandler
                0x0800058c        0x8 Drivers/STM32F4xx_HAL_Driver/stm32f4xx_hal_cortex.o
                0x0800058c                HAL_SYSTICK_IRQHandler
 .text.HAL_GPIO_Init
                0x08000594      0x19c Drivers/STM32F4xx_HAL_Driver/stm32f4xx_hal_gpio.o
                0x08000594                HAL_GPIO_Init
 .text.HAL_GPIO_WritePin
                0x08000730        0xc Drivers/STM32F4xx_HAL_Driver/stm32f4xx_hal_gpio.o
                0x08000730                HAL_GPIO_WritePin
 .text.HAL_RCC_OscConfig
                0x0800073c      0x3c8 Drivers/STM32F4xx_HAL_Driver/stm32f4xx_hal_rcc.o
                0x0800073c                HAL_RCC_OscConfig
 .text.HAL_RCC_GetSysClockFreq
                0x08000b04       0xa4 Drivers/STM32F4xx_HAL_Driver/stm32f4xx_hal_rcc.o
                0x08000b04                HAL_RCC_GetSysClockFreq
 .text.HAL_RCC_ClockConfig
                0x08000ba8      0x1b0 Drivers/STM32F4xx_HAL_Driver/stm32f4xx_hal_rcc.o
                0x08000ba8                HAL_RCC_ClockConfig
 .text.HAL_RCC_GetHCLKFreq
                0x08000d58        0xc Drivers/STM32F4xx_HAL_Driver/stm32f4xx_hal_rcc.o
                0x08000d58                HAL_RCC_GetHCLKFreq
 .text.__libc_init_array
                0x08000d64       0x4c c:/ac6/systemworkbench/plugins/fr.ac6.mcu.externaltools.arm-none.win32_1.13.2.201705091103/tools/compiler/bin/../lib/gcc/arm-none-eabi/5.4.1/../../../../arm-none-eabi/lib/armv7e-m/fpu\libc_nano.a(lib_a-init.o)
                0x08000d64                __libc_init_array
 *(.glue_7)
 .glue_7        0x08000db0        0x0 linker stubs
 *(.glue_7t)
 .glue_7t       0x08000db0        0x0 linker stubs
 *(.eh_frame)
 .eh_frame      0x08000db0        0x0 c:/ac6/systemworkbench/plugins/fr.ac6.mcu.externaltools.arm-none.win32_1.13.2.201705091103/tools/compiler/bin/../lib/gcc/arm-none-eabi/5.4.1/armv7e-m/fpu/crtbegin.o
 *(.init)
 .init          0x08000db0        0x4 c:/ac6/systemworkbench/plugins/fr.ac6.mcu.externaltools.arm-none.win32_1.13.2.201705091103/tools/compiler/bin/../lib/gcc/arm-none-eabi/5.4.1/armv7e-m/fpu/crti.o
                0x08000db0                _init
 .init          0x08000db4        0x8 c:/ac6/systemworkbench/plugins/fr.ac6.mcu.externaltools.arm-none.win32_1.13.2.201705091103/tools/compiler/bin/../lib/gcc/arm-none-eabi/5.4.1/armv7e-m/fpu/crtn.o
 *(.fini)
 .fini          0x08000dbc        0x4 c:/ac6/systemworkbench/plugins/fr.ac6.mcu.externaltools.arm-none.win32_1.13.2.201705091103/tools/compiler/bin/../lib/gcc/arm-none-eabi/5.4.1/armv7e-m/fpu/crti.o
                0x08000dbc                _fini
 .fini          0x08000dc0        0x8 c:/ac6/systemworkbench/plugins/fr.ac6.mcu.externaltools.arm-none.win32_1.13.2.201705091103/tools/compiler/bin/../lib/gcc/arm-none-eabi/5.4.1/armv7e-m/fpu/crtn.o
                0x08000dc8                . = ALIGN (0x4)
                0x08000dc8                _etext = .

.vfp11_veneer   0x08000dc8        0x0
 .vfp11_veneer  0x08000dc8        0x0 linker stubs

.v4_bx          0x08000dc8        0x0
 .v4_bx         0x08000dc8        0x0 linker stubs

.iplt           0x08000dc8        0x0
 .iplt          0x08000dc8        0x0 c:/ac6/systemworkbench/plugins/fr.ac6.mcu.externaltools.arm-none.win32_1.13.2.201705091103/tools/compiler/bin/../lib/gcc/arm-none-eabi/5.4.1/armv7e-m/fpu/crtbegin.o

.rodata         0x08000dc8       0x48
                0x08000dc8                . = ALIGN (0x4)
 *(.rodata)
 .rodata        0x08000dc8       0x18 Drivers/CMSIS/system_stm32f4xx.o
                0x08000dc8                AHBPrescTable
                0x08000dd8                APBPrescTable
 *(.rodata*)
 .rodata.str1.4
                0x08000de0       0x30 Application/User/main.o
                                 0x2f (size before relaxing)
                0x08000e10                . = ALIGN (0x4)

.rel.dyn        0x08000e10        0x0
 .rel.iplt      0x08000e10        0x0 c:/ac6/systemworkbench/plugins/fr.ac6.mcu.externaltools.arm-none.win32_1.13.2.201705091103/tools/compiler/bin/../lib/gcc/arm-none-eabi/5.4.1/armv7e-m/fpu/crtbegin.o

.ARM.extab
 *(.ARM.extab* .gnu.linkonce.armextab.*)

.ARM            0x08000e10        0x0
                0x08000e10                __exidx_start = .
 *(.ARM.exidx*)
                0x08000e10                __exidx_end = .

.preinit_array  0x08000e10        0x0
                0x08000e10                PROVIDE (__preinit_array_start, .)
 *(.preinit_array*)
                0x08000e10                PROVIDE (__preinit_array_end, .)

.init_array     0x08000e10        0x4
                0x08000e10                PROVIDE (__init_array_start, .)
 *(SORT(.init_array.*))
 *(.init_array*)
 .init_array    0x08000e10        0x4 c:/ac6/systemworkbench/plugins/fr.ac6.mcu.externaltools.arm-none.win32_1.13.2.201705091103/tools/compiler/bin/../lib/gcc/arm-none-eabi/5.4.1/armv7e-m/fpu/crtbegin.o
                0x08000e14                PROVIDE (__init_array_end, .)

.fini_array     0x08000e14        0x4
                [!provide]                PROVIDE (__fini_array_start, .)
 *(SORT(.fini_array.*))
 *(.fini_array*)
 .fini_array    0x08000e14        0x4 c:/ac6/systemworkbench/plugins/fr.ac6.mcu.externaltools.arm-none.win32_1.13.2.201705091103/tools/compiler/bin/../lib/gcc/arm-none-eabi/5.4.1/armv7e-m/fpu/crtbegin.o
                [!provide]                PROVIDE (__fini_array_end, .)
                0x08000e18                _sidata = LOADADDR (.data)

.data           0x20000000        0x4 load address 0x08000e18
                0x20000000                . = ALIGN (0x4)
                0x20000000                _sdata = .
 *(.data)
 .data          0x20000000        0x4 Drivers/CMSIS/system_stm32f4xx.o
                0x20000000                SystemCoreClock
 *(.data*)
                0x20000004                . = ALIGN (0x4)
                0x20000004                _edata = .

.jcr            0x20000004        0x0 load address 0x08000e1c
 .jcr           0x20000004        0x0 c:/ac6/systemworkbench/plugins/fr.ac6.mcu.externaltools.arm-none.win32_1.13.2.201705091103/tools/compiler/bin/../lib/gcc/arm-none-eabi/5.4.1/armv7e-m/fpu/crtbegin.o

.igot.plt       0x20000004        0x0 load address 0x08000e1c
 .igot.plt      0x20000004        0x0 c:/ac6/systemworkbench/plugins/fr.ac6.mcu.externaltools.arm-none.win32_1.13.2.201705091103/tools/compiler/bin/../lib/gcc/arm-none-eabi/5.4.1/armv7e-m/fpu/crtbegin.o
                0x20000004                . = ALIGN (0x4)

.bss            0x20000004       0x20 load address 0x08000e1c
                0x20000004                _sbss = .
                0x20000004                __bss_start__ = _sbss
 *(.bss)
 .bss           0x20000004       0x1c c:/ac6/systemworkbench/plugins/fr.ac6.mcu.externaltools.arm-none.win32_1.13.2.201705091103/tools/compiler/bin/../lib/gcc/arm-none-eabi/5.4.1/armv7e-m/fpu/crtbegin.o
 *(.bss*)
 *(COMMON)
 COMMON         0x20000020        0x4 Drivers/STM32F4xx_HAL_Driver/stm32f4xx_hal.o
                0x20000020                uwTick
                0x20000024                . = ALIGN (0x4)
                0x20000024                _ebss = .
                0x20000024                __bss_end__ = _ebss

._user_heap_stack
                0x20000024      0x604 load address 0x08000e1c
                0x20000028                . = ALIGN (0x8)
 *fill*         0x20000024        0x4 
                [!provide]                PROVIDE (end, .)
                [!provide]                PROVIDE (_end, .)
                0x20000228                . = (. + _Min_Heap_Size)
 *fill*         0x20000028      0x200 
                0x20000628                . = (. + _Min_Stack_Size)
 *fill*         0x20000228      0x400 
                0x20000628                . = ALIGN (0x8)

/DISCARD/
 libc.a(*)
 libm.a(*)
 libgcc.a(*)

.ARM.attributes
                0x00000000       0x30
 *(.ARM.attributes)
 .ARM.attributes
                0x00000000       0x22 c:/ac6/systemworkbench/plugins/fr.ac6.mcu.externaltools.arm-none.win32_1.13.2.201705091103/tools/compiler/bin/../lib/gcc/arm-none-eabi/5.4.1/armv7e-m/fpu/crti.o
 .ARM.attributes
                0x00000022       0x34 c:/ac6/systemworkbench/plugins/fr.ac6.mcu.externaltools.arm-none.win32_1.13.2.201705091103/tools/compiler/bin/../lib/gcc/arm-none-eabi/5.4.1/armv7e-m/fpu/crtbegin.o
 .ARM.attributes
                0x00000056       0x21 Application/SW4STM32/startup_stm32f401xc.o
 .ARM.attributes
                0x00000077       0x39 Application/User/main.o
 .ARM.attributes
                0x000000b0       0x39 Application/User/stm32f4xx_hal_msp.o
 .ARM.attributes
                0x000000e9       0x39 Application/User/stm32f4xx_it.o
 .ARM.attributes
                0x00000122       0x39 Drivers/CMSIS/system_stm32f4xx.o
 .ARM.attributes
                0x0000015b       0x39 Drivers/STM32F4xx_HAL_Driver/stm32f4xx_hal.o
 .ARM.attributes
                0x00000194       0x39 Drivers/STM32F4xx_HAL_Driver/stm32f4xx_hal_cortex.o
 .ARM.attributes
                0x000001cd       0x39 Drivers/STM32F4xx_HAL_Driver/stm32f4xx_hal_gpio.o
 .ARM.attributes
                0x00000206       0x39 Drivers/STM32F4xx_HAL_Driver/stm32f4xx_hal_rcc.o
 .ARM.attributes
                0x0000023f       0x34 c:/ac6/systemworkbench/plugins/fr.ac6.mcu.externaltools.arm-none.win32_1.13.2.201705091103/tools/compiler/bin/../lib/gcc/arm-none-eabi/5.4.1/../../../../arm-none-eabi/lib/armv7e-m/fpu\libc_nano.a(lib_a-init.o)
 .ARM.attributes
                0x00000273       0x22 c:/ac6/systemworkbench/plugins/fr.ac6.mcu.externaltools.arm-none.win32_1.13.2.201705091103/tools/compiler/bin/../lib/gcc/arm-none-eabi/5.4.1/armv7e-m/fpu/crtn.o
OUTPUT(Hello.elf elf32-littlearm)

.debug_line     0x00000000     0x44b3
 .debug_line    0x00000000       0xa1 Application/SW4STM32/startup_stm32f401xc.o
 .debug_line    0x000000a1      0x79c Application/User/main.o
 .debug_line    0x0000083d      0x75e Application/User/stm32f4xx_hal_msp.o
 .debug_line    0x00000f9b      0x7e6 Application/User/stm32f4xx_it.o
 .debug_line    0x00001781      0x781 Drivers/CMSIS/system_stm32f4xx.o
 .debug_line    0x00001f02      0x908 Drivers/STM32F4xx_HAL_Driver/stm32f4xx_hal.o
 .debug_line    0x0000280a      0x965 Drivers/STM32F4xx_HAL_Driver/stm32f4xx_hal_cortex.o
 .debug_line    0x0000316f      0x8bf Drivers/STM32F4xx_HAL_Driver/stm32f4xx_hal_gpio.o
 .debug_line    0x00003a2e      0xa85 Drivers/STM32F4xx_HAL_Driver/stm32f4xx_hal_rcc.o

.debug_info     0x00000000     0x3f58
 .debug_info    0x00000000       0xa0 Application/SW4STM32/startup_stm32f401xc.o
 .debug_info    0x000000a0      0x944 Application/User/main.o
 .debug_info    0x000009e4      0x348 Application/User/stm32f4xx_hal_msp.o
 .debug_info    0x00000d2c      0x173 Application/User/stm32f4xx_it.o
 .debug_info    0x00000e9f      0x52a Drivers/CMSIS/system_stm32f4xx.o
 .debug_info    0x000013c9      0x8b6 Drivers/STM32F4xx_HAL_Driver/stm32f4xx_hal.o
 .debug_info    0x00001c7f      0xe77 Drivers/STM32F4xx_HAL_Driver/stm32f4xx_hal_cortex.o
 .debug_info    0x00002af6      0x753 Drivers/STM32F4xx_HAL_Driver/stm32f4xx_hal_gpio.o
 .debug_info    0x00003249      0xd0f Drivers/STM32F4xx_HAL_Driver/stm32f4xx_hal_rcc.o

.debug_abbrev   0x00000000      0xe7f
 .debug_abbrev  0x00000000       0x12 Application/SW4STM32/startup_stm32f401xc.o
 .debug_abbrev  0x00000012      0x1d9 Application/User/main.o
 .debug_abbrev  0x000001eb       0xc2 Application/User/stm32f4xx_hal_msp.o
 .debug_abbrev  0x000002ad       0xcc Application/User/stm32f4xx_it.o
 .debug_abbrev  0x00000379      0x104 Drivers/CMSIS/system_stm32f4xx.o
 .debug_abbrev  0x0000047d      0x287 Drivers/STM32F4xx_HAL_Driver/stm32f4xx_hal.o
 .debug_abbrev  0x00000704      0x2fe Drivers/STM32F4xx_HAL_Driver/stm32f4xx_hal_cortex.o
 .debug_abbrev  0x00000a02      0x1cd Drivers/STM32F4xx_HAL_Driver/stm32f4xx_hal_gpio.o
 .debug_abbrev  0x00000bcf      0x2b0 Drivers/STM32F4xx_HAL_Driver/stm32f4xx_hal_rcc.o

.debug_aranges  0x00000000      0x358
 .debug_aranges
                0x00000000       0x28 Application/SW4STM32/startup_stm32f401xc.o
 .debug_aranges
                0x00000028       0x38 Application/User/main.o
 .debug_aranges
                0x00000060       0x20 Application/User/stm32f4xx_hal_msp.o
 .debug_aranges
                0x00000080       0x60 Application/User/stm32f4xx_it.o
 .debug_aranges
                0x000000e0       0x28 Drivers/CMSIS/system_stm32f4xx.o
 .debug_aranges
                0x00000108       0xc8 Drivers/STM32F4xx_HAL_Driver/stm32f4xx_hal.o
 .debug_aranges
                0x000001d0       0xa8 Drivers/STM32F4xx_HAL_Driver/stm32f4xx_hal_cortex.o
 .debug_aranges
                0x00000278       0x58 Drivers/STM32F4xx_HAL_Driver/stm32f4xx_hal_gpio.o
 .debug_aranges
                0x000002d0       0x88 Drivers/STM32F4xx_HAL_Driver/stm32f4xx_hal_rcc.o

.debug_ranges   0x00000000      0x2d0
 .debug_ranges  0x00000000       0x20 Application/SW4STM32/startup_stm32f401xc.o
 .debug_ranges  0x00000020       0x28 Application/User/main.o
 .debug_ranges  0x00000048       0x10 Application/User/stm32f4xx_hal_msp.o
 .debug_ranges  0x00000058       0x50 Application/User/stm32f4xx_it.o
 .debug_ranges  0x000000a8       0x18 Drivers/CMSIS/system_stm32f4xx.o
 .debug_ranges  0x000000c0       0xb8 Drivers/STM32F4xx_HAL_Driver/stm32f4xx_hal.o
 .debug_ranges  0x00000178       0x98 Drivers/STM32F4xx_HAL_Driver/stm32f4xx_hal_cortex.o
 .debug_ranges  0x00000210       0x48 Drivers/STM32F4xx_HAL_Driver/stm32f4xx_hal_gpio.o
 .debug_ranges  0x00000258       0x78 Drivers/STM32F4xx_HAL_Driver/stm32f4xx_hal_rcc.o

.debug_macro    0x00000000    0x14be8
 .debug_macro   0x00000000      0x2ef Application/User/main.o
 .debug_macro   0x000002ef      0x898 Application/User/main.o
 .debug_macro   0x00000b87       0x10 Application/User/main.o
 .debug_macro   0x00000b97      0x174 Application/User/main.o
 .debug_macro   0x00000d0b       0x33 Application/User/main.o
 .debug_macro   0x00000d3e       0x28 Application/User/main.o
 .debug_macro   0x00000d66       0x22 Application/User/main.o
 .debug_macro   0x00000d88       0x87 Application/User/main.o
 .debug_macro   0x00000e0f       0x44 Application/User/main.o
 .debug_macro   0x00000e53       0xfd Application/User/main.o
 .debug_macro   0x00000f50       0x5e Application/User/main.o
 .debug_macro   0x00000fae      0x1df Application/User/main.o
 .debug_macro   0x0000118d       0x35 Application/User/main.o
 .debug_macro   0x000011c2       0x50 Application/User/main.o
 .debug_macro   0x00001212      0xe66 Application/User/main.o
 .debug_macro   0x00002078     0xb81f Application/User/main.o
 .debug_macro   0x0000d897       0x43 Application/User/main.o
 .debug_macro   0x0000d8da     0x3574 Application/User/main.o
 .debug_macro   0x00010e4e       0x52 Application/User/main.o
 .debug_macro   0x00010ea0       0x35 Application/User/main.o
 .debug_macro   0x00010ed5       0x9c Application/User/main.o
 .debug_macro   0x00010f71       0x16 Application/User/main.o
 .debug_macro   0x00010f87       0x97 Application/User/main.o
 .debug_macro   0x0001101e      0x30d Application/User/main.o
 .debug_macro   0x0001132b       0xfd Application/User/main.o
 .debug_macro   0x00011428       0x10 Application/User/main.o
 .debug_macro   0x00011438       0x52 Application/User/main.o
 .debug_macro   0x0001148a       0x1f Application/User/main.o
 .debug_macro   0x000114a9       0x43 Application/User/main.o
 .debug_macro   0x000114ec       0x20 Application/User/main.o
 .debug_macro   0x0001150c      0x187 Application/User/main.o
 .debug_macro   0x00011693       0x10 Application/User/main.o
 .debug_macro   0x000116a3       0x1c Application/User/main.o
 .debug_macro   0x000116bf       0x52 Application/User/main.o
 .debug_macro   0x00011711       0x40 Application/User/main.o
 .debug_macro   0x00011751       0x10 Application/User/main.o
 .debug_macro   0x00011761       0x40 Application/User/main.o
 .debug_macro   0x000117a1       0xd7 Application/User/main.o
 .debug_macro   0x00011878       0x16 Application/User/main.o
 .debug_macro   0x0001188e      0x18b Application/User/main.o
 .debug_macro   0x00011a19       0x50 Application/User/main.o
 .debug_macro   0x00011a69      0x416 Application/User/main.o
 .debug_macro   0x00011e7f      0x9e1 Application/User/main.o
 .debug_macro   0x00012860      0x11e Application/User/main.o
 .debug_macro   0x0001297e       0xf8 Application/User/main.o
 .debug_macro   0x00012a76       0x27 Application/User/main.o
 .debug_macro   0x00012a9d      0x287 Application/User/main.o
 .debug_macro   0x00012d24       0x5f Application/User/main.o
 .debug_macro   0x00012d83      0x23a Application/User/main.o
 .debug_macro   0x00012fbd      0x13a Application/User/main.o
 .debug_macro   0x000130f7      0x23a Application/User/main.o
 .debug_macro   0x00013331       0x2e Application/User/main.o
 .debug_macro   0x0001335f      0x11e Application/User/main.o
 .debug_macro   0x0001347d       0x85 Application/User/main.o
 .debug_macro   0x00013502       0x89 Application/User/main.o
 .debug_macro   0x0001358b      0x11e Application/User/main.o
 .debug_macro   0x000136a9      0x2eb Application/User/stm32f4xx_hal_msp.o
 .debug_macro   0x00013994      0x2f5 Application/User/stm32f4xx_it.o
 .debug_macro   0x00013c89      0x2f1 Drivers/CMSIS/system_stm32f4xx.o
 .debug_macro   0x00013f7a      0x34b Drivers/STM32F4xx_HAL_Driver/stm32f4xx_hal.o
 .debug_macro   0x000142c5      0x2eb Drivers/STM32F4xx_HAL_Driver/stm32f4xx_hal_cortex.o
 .debug_macro   0x000145b0      0x323 Drivers/STM32F4xx_HAL_Driver/stm32f4xx_hal_gpio.o
 .debug_macro   0x000148d3      0x315 Drivers/STM32F4xx_HAL_Driver/stm32f4xx_hal_rcc.o

.debug_str      0x00000000    0x7c339
 .debug_str     0x00000000    0x7b3a6 Application/User/main.o
                              0x7b676 (size before relaxing)
 .debug_str     0x0007b3a6       0x65 Application/User/stm32f4xx_hal_msp.o
                              0x7b2c4 (size before relaxing)
 .debug_str     0x0007b40b       0xfc Application/User/stm32f4xx_it.o
                              0x7afba (size before relaxing)
 .debug_str     0x0007b507      0x10c Drivers/CMSIS/system_stm32f4xx.o
                              0x7b0fe (size before relaxing)
 .debug_str     0x0007b613      0x573 Drivers/STM32F4xx_HAL_Driver/stm32f4xx_hal.o
                              0x7ba59 (size before relaxing)
 .debug_str     0x0007bb86      0x375 Drivers/STM32F4xx_HAL_Driver/stm32f4xx_hal_cortex.o
                              0x7b80f (size before relaxing)
 .debug_str     0x0007befb      0x20d Drivers/STM32F4xx_HAL_Driver/stm32f4xx_hal_gpio.o
                              0x7b316 (size before relaxing)
 .debug_str     0x0007c108      0x231 Drivers/STM32F4xx_HAL_Driver/stm32f4xx_hal_rcc.o
                              0x7b513 (size before relaxing)

.comment        0x00000000       0x6e
 .comment       0x00000000       0x6e Application/User/main.o
                                 0x6f (size before relaxing)
 .comment       0x0000006e       0x6f Application/User/stm32f4xx_hal_msp.o
 .comment       0x0000006e       0x6f Application/User/stm32f4xx_it.o
 .comment       0x0000006e       0x6f Drivers/CMSIS/system_stm32f4xx.o
 .comment       0x0000006e       0x6f Drivers/STM32F4xx_HAL_Driver/stm32f4xx_hal.o
 .comment       0x0000006e       0x6f Drivers/STM32F4xx_HAL_Driver/stm32f4xx_hal_cortex.o
 .comment       0x0000006e       0x6f Drivers/STM32F4xx_HAL_Driver/stm32f4xx_hal_gpio.o
 .comment       0x0000006e       0x6f Drivers/STM32F4xx_HAL_Driver/stm32f4xx_hal_rcc.o

.debug_frame    0x00000000      0x6a0
 .debug_frame   0x00000000       0x74 Application/User/main.o
 .debug_frame   0x00000074       0x28 Application/User/stm32f4xx_hal_msp.o
 .debug_frame   0x0000009c       0xa8 Application/User/stm32f4xx_it.o
 .debug_frame   0x00000144       0x30 Drivers/CMSIS/system_stm32f4xx.o
 .debug_frame   0x00000174      0x198 Drivers/STM32F4xx_HAL_Driver/stm32f4xx_hal.o
 .debug_frame   0x0000030c      0x154 Drivers/STM32F4xx_HAL_Driver/stm32f4xx_hal_cortex.o
 .debug_frame   0x00000460       0xc4 Drivers/STM32F4xx_HAL_Driver/stm32f4xx_hal_gpio.o
 .debug_frame   0x00000524      0x150 Drivers/STM32F4xx_HAL_Driver/stm32f4xx_hal_rcc.o
 .debug_frame   0x00000674       0x2c c:/ac6/systemworkbench/plugins/fr.ac6.mcu.externaltools.arm-none.win32_1.13.2.201705091103/tools/compiler/bin/../lib/gcc/arm-none-eabi/5.4.1/../../../../arm-none-eabi/lib/armv7e-m/fpu\libc_nano.a(lib_a-init.o)

.debug_loc      0x00000000     0x10c7
 .debug_loc     0x00000000      0x132 Drivers/CMSIS/system_stm32f4xx.o
 .debug_loc     0x00000132       0x91 Drivers/STM32F4xx_HAL_Driver/stm32f4xx_hal.o
 .debug_loc     0x000001c3      0x548 Drivers/STM32F4xx_HAL_Driver/stm32f4xx_hal_cortex.o
 .debug_loc     0x0000070b      0x39a Drivers/STM32F4xx_HAL_Driver/stm32f4xx_hal_gpio.o
 .debug_loc     0x00000aa5      0x622 Drivers/STM32F4xx_HAL_Driver/stm32f4xx_hal_rcc.o
